{
    "human Paired-End - with alt": {
        "content": [
            [
                
            ],
            [
                
            ],
            [
                
            ],
            [
                "versions.yml:md5,c60680eba0f00e791c0d5a0a6e9d665f"
            ],
            [
                "@HD\tVN:1.6\tSO:unsorted\tGO:query",
                "@SQ\tSN:chr21\tLN:46709983",
                "@PG\tID:bwa\tPN:bwa\tVN:0.7.18-r1243-dirty\tCL:bwa mem -t 2 ./index/genome test_1.fastq.gz test_2.fastq.gz",
                "@PG\tID:samtools\tPN:samtools\tPP:bwa\tVN:1.21\tCL:samtools view --threads 2 -o test.bam -"
            ],
            {
                "maxReadLength": 108,
                "minReadLength": 90,
                "meanReadLength": 100,
                "maxQuality": 60,
                "minQuality": 0,
                "meanQuality": 56,
                "readCount": 533472,
                "duplicateReadCount": 0
            },
            "bd8a96bfba6499c2b82a297fbc56a80f",
            "56f239265c171f74c531dbb701f95f7e"
        ],
        "meta": {
            "nf-test": "0.9.2",
            "nextflow": "25.04.2"
        },
        "timestamp": "2025-06-02T09:46:10.2951335"
    }
}